

####### JOYSTICK MAPPINGS








JOYSTICK                    AXIS=X                      FUNCTION=TURN
JOYSTICK                    AXIS=Y                      FUNCTION=PITCH
JOYSTICK                    AXIS=Y                      FLIP_AXIS
JOYSTICK                    AXIS=Z                      FUNCTION=ANALOG_THROTTLE   AXIS_RANGE=POSITIVE
JOYSTICK                    AXIS=Z                      FUNCTION=BRAKE   AXIS_RANGE=NEGATIVE
JOYSTICK                    BUTTON=1                    FUNCTION=THRUST
JOYSTICK                    BUTTON=2                    FUNCTION=BRAKE
JOYSTICK                    BUTTON=3                    FUNCTION=REPAIR
JOYSTICK                    BUTTON=4                    FUNCTION=BOOST
JOYSTICK                    BUTTON=5                    FUNCTION=SLIDE
JOYSTICK                    BUTTON=6                    FUNCTION=SLIDE
JOYSTICK                    BUTTON=7                    FUNCTION=LOOK_BACK
JOYSTICK                    BUTTON=10                   FUNCTION=CAMERA_CYCLE
JOYSTICK                    ENABLED=TRUE


####### MOUSE MAPPINGS

MOUSE                       BUTTON=4                    FUNCTION=LOOK_BACK                                      
MOUSE                       BUTTON=2                    FUNCTION=BRAKE                                          
MOUSE                       BUTTON=1                    FUNCTION=THRUST                                         
MOUSE                       BUTTON=3                    FUNCTION=SLIDE                                          
MOUSE                       AXIS=X                      FUNCTION=TURN                                           
MOUSE                       AXIS=Y                      FUNCTION=PITCH                                          
MOUSE                       AXIS=Z                      FUNCTION=ANALOG_THROTTLE                                

MOUSE                       AXIS=Y                      FLIP_AXIS
MOUSE                       ENABLED=FALSE               


####### KEYBOARD MAPPINGS

KEYBOARD                    KEY=~                       FUNCTION=CAMERA_CYCLE                                   
KEYBOARD                    KEY=LEFT_CTRL               FUNCTION=CAMERA_CYCLE                                   
KEYBOARD                    KEY=TAB                     FUNCTION=LOOK_BACK                                      
KEYBOARD                    KEY=Q                       FUNCTION=LOOK_BACK                                      
KEYBOARD                    KEY=S                       FUNCTION=BRAKE                                          
KEYBOARD                    KEY=W                       FUNCTION=THRUST                                         
KEYBOARD                    KEY=ENTER                   FUNCTION=THRUST                                         
KEYBOARD                    KEY=LEFT_SHIFT              FUNCTION=BOOST                                          
KEYBOARD                    KEY=SPACE                   FUNCTION=SLIDE                                          
KEYBOARD                    KEY=A                       FUNCTION=ROLL_LEFT                                      
KEYBOARD                    KEY=D                       FUNCTION=ROLL_RIGHT                                     
KEYBOARD                    KEY=RIGHT_CTRL              FUNCTION=SPECIAL                                        
KEYBOARD                    KEY=E                       FUNCTION=SPECIAL                                        
KEYBOARD                    KEY=R                       FUNCTION=REPAIR                                         
KEYBOARD                    KEY=LEFT_ARROW              FUNCTION=TURN_LEFT                                      
KEYBOARD                    KEY=J                       FUNCTION=TURN_LEFT                                      
KEYBOARD                    KEY=NUMPAD_4                FUNCTION=TURN_LEFT                                      
KEYBOARD                    KEY=RIGHT_ARROW             FUNCTION=TURN_RIGHT                                     
KEYBOARD                    KEY=L                       FUNCTION=TURN_RIGHT                                     
KEYBOARD                    KEY=NUMPAD_6                FUNCTION=TURN_RIGHT                                     
KEYBOARD                    KEY=DOWN_ARROW              FUNCTION=PITCH_UP                                       
KEYBOARD                    KEY=K                       FUNCTION=PITCH_UP                                       
KEYBOARD                    KEY=NUMPAD_2                FUNCTION=PITCH_UP                                       
KEYBOARD                    KEY=UP_ARROW                FUNCTION=PITCH_DOWN                                     
KEYBOARD                    KEY=I                       FUNCTION=PITCH_DOWN                                     
KEYBOARD                    KEY=NUMPAD_8                FUNCTION=PITCH_DOWN                                     

KEYBOARD                    ENABLED=TRUE                

end.
